Archive member included because of file (symbol)

c:/winavr-20100110/bin/../lib/gcc/avr/4.3.3/avr5\libgcc.a(_exit.o)
                              c:/winavr-20100110/bin/../lib/gcc/avr/4.3.3/../../../../avr/lib/avr5/crtm16.o (exit)
c:/winavr-20100110/bin/../lib/gcc/avr/4.3.3/avr5\libgcc.a(_copy_data.o)
                              ./MC2.o (__do_copy_data)
c:/winavr-20100110/bin/../lib/gcc/avr/4.3.3/avr5\libgcc.a(_clear_bss.o)
                              ./MC2.o (__do_clear_bss)

Allocating common symbols
Common symbol       size              file

tick                0x1               ./MC2.o

Memory Configuration

Name             Origin             Length             Attributes
text             0x00000000         0x00020000         xr
data             0x00800060         0x0000ffa0         rw !x
eeprom           0x00810000         0x00010000         rw !x
fuse             0x00820000         0x00000400         rw !x
lock             0x00830000         0x00000400         rw !x
signature        0x00840000         0x00000400         rw !x
*default*        0x00000000         0xffffffff

Linker script and memory map

LOAD c:/winavr-20100110/bin/../lib/gcc/avr/4.3.3/../../../../avr/lib/avr5/crtm16.o
LOAD ./MC2.o
LOAD ./external_eeprom.o
LOAD ./i2c.o
LOAD ./timer0.o
LOAD ./uart.o
LOAD c:/winavr-20100110/bin/../lib/gcc/avr/4.3.3/avr5\libgcc.a
LOAD c:/winavr-20100110/bin/../lib/gcc/avr/4.3.3/../../../../avr/lib/avr5\libc.a
LOAD c:/winavr-20100110/bin/../lib/gcc/avr/4.3.3/avr5\libgcc.a

.hash
 *(.hash)

.dynsym
 *(.dynsym)

.dynstr
 *(.dynstr)

.gnu.version
 *(.gnu.version)

.gnu.version_d
 *(.gnu.version_d)

.gnu.version_r
 *(.gnu.version_r)

.rel.init
 *(.rel.init)

.rela.init
 *(.rela.init)

.rel.text
 *(.rel.text)
 *(.rel.text.*)
 *(.rel.gnu.linkonce.t*)

.rela.text
 *(.rela.text)
 *(.rela.text.*)
 *(.rela.gnu.linkonce.t*)

.rel.fini
 *(.rel.fini)

.rela.fini
 *(.rela.fini)

.rel.rodata
 *(.rel.rodata)
 *(.rel.rodata.*)
 *(.rel.gnu.linkonce.r*)

.rela.rodata
 *(.rela.rodata)
 *(.rela.rodata.*)
 *(.rela.gnu.linkonce.r*)

.rel.data
 *(.rel.data)
 *(.rel.data.*)
 *(.rel.gnu.linkonce.d*)

.rela.data
 *(.rela.data)
 *(.rela.data.*)
 *(.rela.gnu.linkonce.d*)

.rel.ctors
 *(.rel.ctors)

.rela.ctors
 *(.rela.ctors)

.rel.dtors
 *(.rel.dtors)

.rela.dtors
 *(.rela.dtors)

.rel.got
 *(.rel.got)

.rela.got
 *(.rela.got)

.rel.bss
 *(.rel.bss)

.rela.bss
 *(.rela.bss)

.rel.plt
 *(.rel.plt)

.rela.plt
 *(.rela.plt)

.text           0x00000000      0xba8
 *(.vectors)
 .vectors       0x00000000       0x54 c:/winavr-20100110/bin/../lib/gcc/avr/4.3.3/../../../../avr/lib/avr5/crtm16.o
                0x00000000                __vectors
                0x00000000                __vector_default
 *(.vectors)
 *(.progmem.gcc*)
 *(.progmem*)
                0x00000054                . = ALIGN (0x2)
                0x00000054                __trampolines_start = .
 *(.trampolines)
 .trampolines   0x00000054        0x0 linker stubs
 *(.trampolines*)
                0x00000054                __trampolines_end = .
 *(.jumptables)
 *(.jumptables*)
 *(.lowtext)
 *(.lowtext*)
                0x00000054                __ctors_start = .
 *(.ctors)
                0x00000054                __ctors_end = .
                0x00000054                __dtors_start = .
 *(.dtors)
                0x00000054                __dtors_end = .
 SORT(*)(.ctors)
 SORT(*)(.dtors)
 *(.init0)
 .init0         0x00000054        0x0 c:/winavr-20100110/bin/../lib/gcc/avr/4.3.3/../../../../avr/lib/avr5/crtm16.o
                0x00000054                __init
 *(.init0)
 *(.init1)
 *(.init1)
 *(.init2)
 .init2         0x00000054        0xc c:/winavr-20100110/bin/../lib/gcc/avr/4.3.3/../../../../avr/lib/avr5/crtm16.o
 *(.init2)
 *(.init3)
 *(.init3)
 *(.init4)
 .init4         0x00000060       0x16 c:/winavr-20100110/bin/../lib/gcc/avr/4.3.3/avr5\libgcc.a(_copy_data.o)
                0x00000060                __do_copy_data
 .init4         0x00000076       0x10 c:/winavr-20100110/bin/../lib/gcc/avr/4.3.3/avr5\libgcc.a(_clear_bss.o)
                0x00000076                __do_clear_bss
 *(.init4)
 *(.init5)
 *(.init5)
 *(.init6)
 *(.init6)
 *(.init7)
 *(.init7)
 *(.init8)
 *(.init8)
 *(.init9)
 .init9         0x00000086        0x8 c:/winavr-20100110/bin/../lib/gcc/avr/4.3.3/../../../../avr/lib/avr5/crtm16.o
 *(.init9)
 *(.text)
 .text          0x0000008e        0x4 c:/winavr-20100110/bin/../lib/gcc/avr/4.3.3/../../../../avr/lib/avr5/crtm16.o
                0x0000008e                __vector_1
                0x0000008e                __vector_12
                0x0000008e                __bad_interrupt
                0x0000008e                __vector_6
                0x0000008e                __vector_3
                0x0000008e                __vector_11
                0x0000008e                __vector_13
                0x0000008e                __vector_17
                0x0000008e                __vector_7
                0x0000008e                __vector_5
                0x0000008e                __vector_4
                0x0000008e                __vector_2
                0x0000008e                __vector_15
                0x0000008e                __vector_8
                0x0000008e                __vector_14
                0x0000008e                __vector_10
                0x0000008e                __vector_16
                0x0000008e                __vector_18
                0x0000008e                __vector_20
 .text          0x00000092        0x0 ./MC2.o
 .text          0x00000092        0x0 ./external_eeprom.o
 .text          0x00000092        0x0 ./i2c.o
 .text          0x00000092        0x0 ./timer0.o
 .text          0x00000092        0x0 ./uart.o
 .text          0x00000092        0x0 c:/winavr-20100110/bin/../lib/gcc/avr/4.3.3/avr5\libgcc.a(_exit.o)
 .text          0x00000092        0x0 c:/winavr-20100110/bin/../lib/gcc/avr/4.3.3/avr5\libgcc.a(_copy_data.o)
 .text          0x00000092        0x0 c:/winavr-20100110/bin/../lib/gcc/avr/4.3.3/avr5\libgcc.a(_clear_bss.o)
                0x00000092                . = ALIGN (0x2)
 *(.text.*)
 .text.main     0x00000092       0x40 ./MC2.o
                0x00000092                main
 .text.ReceivePassword
                0x000000d2       0x38 ./MC2.o
                0x000000d2                ReceivePassword
 .text.SendOldPassword
                0x0000010a       0x5e ./MC2.o
                0x0000010a                SendOldPassword
 .text.PrepareToSend
                0x00000168       0x82 ./MC2.o
                0x00000168                PrepareToSend
 .text.open_CloseDoor
                0x000001ea       0x62 ./MC2.o
                0x000001ea                open_CloseDoor
 .text.Prepare_Motor_Timer
                0x0000024c       0xbc ./MC2.o
                0x0000024c                Prepare_Motor_Timer
 .text.TurnOnBuzzer
                0x00000308       0x92 ./MC2.o
                0x00000308                TurnOnBuzzer
 .text.TurnOffBuzzer
                0x0000039a       0x34 ./MC2.o
                0x0000039a                TurnOffBuzzer
 .text.SetFirstUsed
                0x000003ce       0x18 ./MC2.o
                0x000003ce                SetFirstUsed
 .text.UsingCheck
                0x000003e6       0x28 ./MC2.o
                0x000003e6                UsingCheck
 .text.UART_Message
                0x0000040e       0xa0 ./MC2.o
                0x0000040e                UART_Message
 .text.EEPROM_init
                0x000004ae       0x14 ./external_eeprom.o
                0x000004ae                EEPROM_init
 .text.EEPROM_writeByte
                0x000004c2       0x82 ./external_eeprom.o
                0x000004c2                EEPROM_writeByte
 .text.EEPROM_readByte
                0x00000544       0xc0 ./external_eeprom.o
                0x00000544                EEPROM_readByte
 .text.EEPROM_writeString
                0x00000604       0x88 ./external_eeprom.o
                0x00000604                EEPROM_writeString
 .text.EEPROM_readString
                0x0000068c       0x9a ./external_eeprom.o
                0x0000068c                EEPROM_readString
 .text.TWI_init
                0x00000726       0x34 ./i2c.o
                0x00000726                TWI_init
 .text.TWI_start
                0x0000075a       0x20 ./i2c.o
                0x0000075a                TWI_start
 .text.TWI_stop
                0x0000077a       0x16 ./i2c.o
                0x0000077a                TWI_stop
 .text.TWI_write
                0x00000790       0x2e ./i2c.o
                0x00000790                TWI_write
 .text.TWI_readWithACK
                0x000007be       0x26 ./i2c.o
                0x000007be                TWI_readWithACK
 .text.TWI_readWithNACK
                0x000007e4       0x26 ./i2c.o
                0x000007e4                TWI_readWithNACK
 .text.TWI_getStatus
                0x0000080a       0x1e ./i2c.o
                0x0000080a                TWI_getStatus
 .text.__vector_9
                0x00000828       0x66 ./timer0.o
                0x00000828                __vector_9
 .text.__vector_19
                0x0000088e       0x70 ./timer0.o
                0x0000088e                __vector_19
 .text.Timer0_init
                0x000008fe       0xac ./timer0.o
                0x000008fe                Timer0_init
 .text.Timer0_setCallBack
                0x000009aa       0x24 ./timer0.o
                0x000009aa                Timer0_setCallBack
 .text.UART_init
                0x000009ce       0xb2 ./uart.o
                0x000009ce                UART_init
 .text.UART_sendByte
                0x00000a80       0x2e ./uart.o
                0x00000a80                UART_sendByte
 .text.UART_recieveByte
                0x00000aae       0x1e ./uart.o
                0x00000aae                UART_recieveByte
 .text.UART_sendString
                0x00000acc       0x52 ./uart.o
                0x00000acc                UART_sendString
 .text.UART_receiveString
                0x00000b1e       0x86 ./uart.o
                0x00000b1e                UART_receiveString
 .text.libgcc   0x00000ba4        0x0 c:/winavr-20100110/bin/../lib/gcc/avr/4.3.3/avr5\libgcc.a(_exit.o)
 .text.libgcc   0x00000ba4        0x0 c:/winavr-20100110/bin/../lib/gcc/avr/4.3.3/avr5\libgcc.a(_copy_data.o)
 .text.libgcc   0x00000ba4        0x0 c:/winavr-20100110/bin/../lib/gcc/avr/4.3.3/avr5\libgcc.a(_clear_bss.o)
                0x00000ba4                . = ALIGN (0x2)
 *(.fini9)
 .fini9         0x00000ba4        0x0 c:/winavr-20100110/bin/../lib/gcc/avr/4.3.3/avr5\libgcc.a(_exit.o)
                0x00000ba4                exit
                0x00000ba4                _exit
 *(.fini9)
 *(.fini8)
 *(.fini8)
 *(.fini7)
 *(.fini7)
 *(.fini6)
 *(.fini6)
 *(.fini5)
 *(.fini5)
 *(.fini4)
 *(.fini4)
 *(.fini3)
 *(.fini3)
 *(.fini2)
 *(.fini2)
 *(.fini1)
 *(.fini1)
 *(.fini0)
 .fini0         0x00000ba4        0x4 c:/winavr-20100110/bin/../lib/gcc/avr/4.3.3/avr5\libgcc.a(_exit.o)
 *(.fini0)
                0x00000ba8                _etext = .

.data           0x00800060        0xc load address 0x00000ba8
                0x00800060                PROVIDE (__data_start, .)
 *(.data)
 .data          0x00800060        0x0 c:/winavr-20100110/bin/../lib/gcc/avr/4.3.3/../../../../avr/lib/avr5/crtm16.o
 .data          0x00800060        0x0 ./MC2.o
 .data          0x00800060        0x0 ./external_eeprom.o
 .data          0x00800060        0x0 ./i2c.o
 .data          0x00800060        0x0 ./timer0.o
 .data          0x00800060        0x0 ./uart.o
 .data          0x00800060        0x0 c:/winavr-20100110/bin/../lib/gcc/avr/4.3.3/avr5\libgcc.a(_exit.o)
 .data          0x00800060        0x0 c:/winavr-20100110/bin/../lib/gcc/avr/4.3.3/avr5\libgcc.a(_copy_data.o)
 .data          0x00800060        0x0 c:/winavr-20100110/bin/../lib/gcc/avr/4.3.3/avr5\libgcc.a(_clear_bss.o)
 *(.data*)
 *(.rodata)
 *(.rodata*)
 .rodata.C.9.1587
                0x00800060        0x6 ./MC2.o
 .rodata.C.10.1600
                0x00800066        0x6 ./MC2.o
 *(.gnu.linkonce.d*)
                0x0080006c                . = ALIGN (0x2)
                0x0080006c                _edata = .
                0x0080006c                PROVIDE (__data_end, .)

.bss            0x0080006c        0x6
                0x0080006c                PROVIDE (__bss_start, .)
 *(.bss)
 .bss           0x0080006c        0x0 c:/winavr-20100110/bin/../lib/gcc/avr/4.3.3/../../../../avr/lib/avr5/crtm16.o
 .bss           0x0080006c        0x0 ./MC2.o
 .bss           0x0080006c        0x0 ./external_eeprom.o
 .bss           0x0080006c        0x0 ./i2c.o
 .bss           0x0080006c        0x0 ./timer0.o
 .bss           0x0080006c        0x0 ./uart.o
 .bss           0x0080006c        0x0 c:/winavr-20100110/bin/../lib/gcc/avr/4.3.3/avr5\libgcc.a(_exit.o)
 .bss           0x0080006c        0x0 c:/winavr-20100110/bin/../lib/gcc/avr/4.3.3/avr5\libgcc.a(_copy_data.o)
 .bss           0x0080006c        0x0 c:/winavr-20100110/bin/../lib/gcc/avr/4.3.3/avr5\libgcc.a(_clear_bss.o)
 *(.bss*)
 .bss.g_tick    0x0080006c        0x1 ./MC2.o
                0x0080006c                g_tick
 .bss.g_initialCounter
                0x0080006d        0x1 ./timer0.o
                0x0080006d                g_initialCounter
 .bss.g_CTC_OCR0
                0x0080006e        0x1 ./timer0.o
                0x0080006e                g_CTC_OCR0
 .bss.g_callBackPtr
                0x0080006f        0x2 ./timer0.o
 *(COMMON)
 COMMON         0x00800071        0x1 ./MC2.o
                0x00800071                tick
                0x00800072                PROVIDE (__bss_end, .)
                0x00000ba8                __data_load_start = LOADADDR (.data)
                0x00000bb4                __data_load_end = (__data_load_start + SIZEOF (.data))

.noinit         0x00800072        0x0
                0x00800072                PROVIDE (__noinit_start, .)
 *(.noinit*)
                0x00800072                PROVIDE (__noinit_end, .)
                0x00800072                _end = .
                0x00800072                PROVIDE (__heap_start, .)

.eeprom         0x00810000        0x0
 *(.eeprom*)
                0x00810000                __eeprom_end = .

.fuse
 *(.fuse)
 *(.lfuse)
 *(.hfuse)
 *(.efuse)

.lock
 *(.lock*)

.signature
 *(.signature*)

.stab           0x00000000     0x18e4
 *(.stab)
 .stab          0x00000000      0xa50 ./MC2.o
 .stab          0x00000a50      0x558 ./external_eeprom.o
                                0x7b0 (size before relaxing)
 .stab          0x00000fa8      0x348 ./i2c.o
                                0x5c4 (size before relaxing)
 .stab          0x000012f0      0x2a0 ./timer0.o
                                0x570 (size before relaxing)
 .stab          0x00001590      0x354 ./uart.o
                                0x624 (size before relaxing)

.stabstr        0x00000000     0x11b1
 *(.stabstr)
 .stabstr       0x00000000     0x11b1 ./MC2.o

.stab.excl
 *(.stab.excl)

.stab.exclstr
 *(.stab.exclstr)

.stab.index
 *(.stab.index)

.stab.indexstr
 *(.stab.indexstr)

.comment
 *(.comment)

.debug
 *(.debug)

.line
 *(.line)

.debug_srcinfo
 *(.debug_srcinfo)

.debug_sfnames
 *(.debug_sfnames)

.debug_aranges
 *(.debug_aranges)

.debug_pubnames
 *(.debug_pubnames)

.debug_info
 *(.debug_info)
 *(.gnu.linkonce.wi.*)

.debug_abbrev
 *(.debug_abbrev)

.debug_line
 *(.debug_line)

.debug_frame
 *(.debug_frame)

.debug_str
 *(.debug_str)

.debug_loc
 *(.debug_loc)

.debug_macinfo
 *(.debug_macinfo)
OUTPUT(Control_ECU.elf elf32-avr)
LOAD linker stubs
